=== c1_react ===
[transformers] PyTorch was not found. Models won't be available and only tokenizers, configuration and file/data utilities can be used.
========================================================================
PILOT SWEEP over the frozen subset -- composition is replayed, never chosen
========================================================================
subset  : results/manifests/subset__pilot__29d836cb5614.json  (29d836cb5614)
binning : e6a365481dd4   grid pilot
condition c1_react | caps [8000, 16000, 32000, 64000] | shard 1/2 | max_model_len 32768 | timeout 1800.0s
items: 60 of 120 in the canonical order
verified 15 distinct instances against the manifest: id, complexity metric, optimum and level all match
resume: 0 verified complete on disk, 60 to run
Warning: You are sending unauthenticated requests to the HF Hub. Please set a HF_TOKEN to enable higher rate limits and faster downloads.
[1/60] easy    cap   8000 sat 0.00 tokens   7844 uniform-n4-t20-o20-s10005
[2/60] easy    cap   8000 sat 0.00 tokens   7806 uniform-n6-t20-o20-s10005
[3/60] easy    cap   8000 sat 0.00 tokens   7844 uniform-n8-t20-o20-s10005
[4/60] easy    cap   8000 sat 0.00 tokens   7219 uniform-n4-t20-o80-s10005
[5/60] easy    cap   8000 sat 0.00 tokens   7640 uniform-n6-t20-o80-s10005
[6/60] medium  cap   8000 sat 0.00 tokens   7488 uniform-n4-t100-o20-s10005
[7/60] medium  cap   8000 sat 0.00 tokens   7844 uniform-n6-t100-o20-s10005
[8/60] medium  cap   8000 sat 0.00 tokens   7510 uniform-n8-t85-o20-s10005
[9/60] medium  cap   8000 sat 0.00 tokens   7844 uniform-n4-t100-o80-s10005
[10/60] medium  cap   8000 sat 0.00 tokens   7329 uniform-n6-t85-o20-s10005
[11/60] hard    cap   8000 sat 0.00 tokens   7310 uniform-n6-t100-o80-s10005
[12/60] hard    cap   8000 sat 0.00 tokens   7844 uniform-n8-t100-o20-s10005
[13/60] hard    cap   8000 sat 0.00 tokens   7563 uniform-n6-t100-o20-s10006
[14/60] hard    cap   8000 sat 0.00 tokens   7844 uniform-n8-t100-o80-s10005
[15/60] hard    cap   8000 sat 0.00 tokens   7844 uniform-n6-t100-o80-s10006
[16/60] easy    cap  16000 sat 0.00 tokens  11989 uniform-n4-t20-o20-s10005
[17/60] easy    cap  16000 sat 0.00 tokens  15844 uniform-n6-t20-o20-s10005
[18/60] easy    cap  16000 sat 0.00 tokens  15240 uniform-n8-t20-o20-s10005
[19/60] easy    cap  16000 sat 0.00 tokens  15844 uniform-n4-t20-o80-s10005
[20/60] easy    cap  16000 sat 0.00 tokens  15844 uniform-n6-t20-o80-s10005
[21/60] medium  cap  16000 sat 1.00 tokens  15910 uniform-n4-t100-o20-s10005
[22/60] medium  cap  16000 sat 0.00 tokens  15844 uniform-n6-t100-o20-s10005
[23/60] medium  cap  16000 sat 0.00 tokens  15844 uniform-n8-t85-o20-s10005
[24/60] medium  cap  16000 sat 0.00 tokens  15844 uniform-n4-t100-o80-s10005
[25/60] medium  cap  16000 sat 0.00 tokens  15522 uniform-n6-t85-o20-s10005
[26/60] hard    cap  16000 sat 0.00 tokens  15844 uniform-n6-t100-o80-s10005
[27/60] hard    cap  16000 sat 0.00 tokens  15844 uniform-n8-t100-o20-s10005
[28/60] hard    cap  16000 sat 0.00 tokens  15844 uniform-n6-t100-o20-s10006
[29/60] hard    cap  16000 sat 0.00 tokens  15844 uniform-n8-t100-o80-s10005
[30/60] hard    cap  16000 sat 0.00 tokens  15844 uniform-n6-t100-o80-s10006
[31/60] easy    cap  32000 sat 0.00 tokens  11989 uniform-n4-t20-o20-s10005
[32/60] easy    cap  32000 sat 0.00 tokens  19545 uniform-n6-t20-o20-s10005
[33/60] easy    cap  32000 sat 0.00 tokens  31093 uniform-n8-t20-o20-s10005
[34/60] easy    cap  32000 sat 1.00 tokens  26669 uniform-n4-t20-o80-s10005
[35/60] easy    cap  32000 sat 0.00 tokens  21005 uniform-n6-t20-o80-s10005
[36/60] medium  cap  32000 sat 1.00 tokens  24939 uniform-n4-t100-o20-s10005
[37/60] medium  cap  32000 sat 1.00 tokens  31912 uniform-n6-t100-o20-s10005
[38/60] medium  cap  32000 sat 0.00 tokens  31844 uniform-n8-t85-o20-s10005
[39/60] medium  cap  32000 sat 0.00 tokens  31844 uniform-n4-t100-o80-s10005
[40/60] medium  cap  32000 sat 0.00 tokens  31844 uniform-n6-t85-o20-s10005
[41/60] hard    cap  32000 sat 0.00 tokens  31844 uniform-n6-t100-o80-s10005
[42/60] hard    cap  32000 sat 0.00 tokens  31844 uniform-n8-t100-o20-s10005
[43/60] hard    cap  32000 sat 0.00 tokens  31826 uniform-n6-t100-o20-s10006
[44/60] hard    cap  32000 sat 0.00 tokens  31844 uniform-n8-t100-o80-s10005
[45/60] hard    cap  32000 sat 0.00 tokens  31844 uniform-n6-t100-o80-s10006
[46/60] easy    cap  64000 sat 0.00 tokens  11989 uniform-n4-t20-o20-s10005
[47/60] easy    cap  64000 sat 0.00 tokens  19545 uniform-n6-t20-o20-s10005
[48/60] easy    cap  64000 sat 0.00 tokens  55060 uniform-n8-t20-o20-s10005
[49/60] easy    cap  64000 sat 1.00 tokens  26669 uniform-n4-t20-o80-s10005
[50/60] easy    cap  64000 sat 0.00 tokens  21005 uniform-n6-t20-o80-s10005
[51/60] medium  cap  64000 sat 1.00 tokens  24939 uniform-n4-t100-o20-s10005
[52/60] medium  cap  64000 sat 1.00 tokens  39484 uniform-n6-t100-o20-s10005
[53/60] medium  cap  64000 sat 0.00 tokens  63844 uniform-n8-t85-o20-s10005
[54/60] medium  cap  64000 sat 0.00 tokens  52605 uniform-n4-t100-o80-s10005
[55/60] medium  cap  64000 sat 0.00 tokens  37106 uniform-n6-t85-o20-s10005
[56/60] hard    cap  64000 sat 1.00 tokens  45022 uniform-n6-t100-o80-s10005
[57/60] hard    cap  64000 sat 0.75 tokens  47299 uniform-n8-t100-o20-s10005
[58/60] hard    cap  64000 sat 0.00 tokens  46397 uniform-n6-t100-o20-s10006
[59/60] hard    cap  64000 sat 0.00 tokens  43704 uniform-n8-t100-o80-s10005
[60/60] hard    cap  64000 sat 0.00 tokens  45427 uniform-n6-t100-o80-s10006

========================================================================
cap   8000: {"n_runs": 15, "mean_satisfaction": 0.0, "satisfaction": [0.0, 0.0, 0.0, 0.0, 0.0, 0.0, 0.0, 0.0, 0.0, 0.0, 0.0, 0.0, 0.0, 0.0, 0.0], "mean_tokens": 7651.5, "proposal_attempts": 0, "proposal_parse_rate": null, "proposal_validity_rate": null, "proposal_acceptance_rate": null, "rejection_reasons": {}, "termination": {"aborted": 7, "budget": 8}, "finish_reason": {"stop": 110, "length": 7}}
cap  16000: {"n_runs": 15, "mean_satisfaction": 0.0667, "satisfaction": [0.0, 0.0, 0.0, 0.0, 0.0, 1.0, 0.0, 0.0, 0.0, 0.0, 0.0, 0.0, 0.0, 0.0, 0.0], "mean_tokens": 15529.7, "proposal_attempts": 3, "proposal_parse_rate": 1.0, "proposal_validity_rate": 0.3333, "proposal_acceptance_rate": 0.3333, "rejection_reasons": {"travel_infeasible": 2}, "termination": {"agent_finish": 1, "aborted": 11, "budget": 3}, "finish_reason": {"stop": 151, "length": 12}}
cap  32000: {"n_runs": 15, "mean_satisfaction": 0.2, "satisfaction": [0.0, 0.0, 0.0, 1.0, 0.0, 1.0, 1.0, 0.0, 0.0, 0.0, 0.0, 0.0, 0.0, 0.0, 0.0], "mean_tokens": 28125.7, "proposal_attempts": 13, "proposal_parse_rate": 1.0, "proposal_validity_rate": 0.2308, "proposal_acceptance_rate": 0.2308, "rejection_reasons": {"travel_infeasible": 9, "window_violation": 3}, "termination": {"agent_finish": 5, "budget": 2, "aborted": 8}, "finish_reason": {"stop": 202, "length": 8}}
cap  64000: {"n_runs": 15, "mean_satisfaction": 0.3167, "satisfaction": [0.0, 0.0, 0.0, 1.0, 0.0, 1.0, 1.0, 0.0, 0.0, 0.0, 1.0, 0.75, 0.0, 0.0, 0.0], "mean_tokens": 38673.0, "proposal_attempts": 20, "proposal_parse_rate": 1.0, "proposal_validity_rate": 0.25, "proposal_acceptance_rate": 0.25, "rejection_reasons": {"travel_infeasible": 14, "window_violation": 3, "overlapping_meeting": 1}, "termination": {"agent_finish": 14, "aborted": 1}, "finish_reason": {"stop": 235, "length": 1}}
=== c2_verify_revise ===
[transformers] PyTorch was not found. Models won't be available and only tokenizers, configuration and file/data utilities can be used.
========================================================================
PILOT SWEEP over the frozen subset -- composition is replayed, never chosen
========================================================================
subset  : results/manifests/subset__pilot__29d836cb5614.json  (29d836cb5614)
binning : e6a365481dd4   grid pilot
condition c2_verify_revise | caps [8000, 16000, 32000, 64000] | shard 1/2 | max_model_len 32768 | timeout 1800.0s
items: 60 of 120 in the canonical order
verified 15 distinct instances against the manifest: id, complexity metric, optimum and level all match
resume: 0 verified complete on disk, 60 to run
Warning: You are sending unauthenticated requests to the HF Hub. Please set a HF_TOKEN to enable higher rate limits and faster downloads.
[1/60] easy    cap   8000 sat 0.00 tokens   7844 uniform-n4-t20-o20-s10005
[2/60] easy    cap   8000 sat 0.00 tokens   7806 uniform-n6-t20-o20-s10005
[3/60] easy    cap   8000 sat 0.00 tokens   7844 uniform-n8-t20-o20-s10005
[4/60] easy    cap   8000 sat 0.00 tokens   7219 uniform-n4-t20-o80-s10005
[5/60] easy    cap   8000 sat 0.00 tokens   7640 uniform-n6-t20-o80-s10005
[6/60] medium  cap   8000 sat 0.00 tokens   7488 uniform-n4-t100-o20-s10005
[7/60] medium  cap   8000 sat 0.00 tokens   7844 uniform-n6-t100-o20-s10005
[8/60] medium  cap   8000 sat 0.00 tokens   7510 uniform-n8-t85-o20-s10005
[9/60] medium  cap   8000 sat 0.00 tokens   7844 uniform-n4-t100-o80-s10005
[10/60] medium  cap   8000 sat 0.00 tokens   7329 uniform-n6-t85-o20-s10005
[11/60] hard    cap   8000 sat 0.00 tokens   7310 uniform-n6-t100-o80-s10005
[12/60] hard    cap   8000 sat 0.00 tokens   7844 uniform-n8-t100-o20-s10005
[13/60] hard    cap   8000 sat 0.00 tokens   7563 uniform-n6-t100-o20-s10006
[14/60] hard    cap   8000 sat 0.00 tokens   7844 uniform-n8-t100-o80-s10005
[15/60] hard    cap   8000 sat 0.00 tokens   7844 uniform-n6-t100-o80-s10006
[16/60] easy    cap  16000 sat 0.00 tokens  15844 uniform-n4-t20-o20-s10005
[17/60] easy    cap  16000 sat 0.00 tokens  15844 uniform-n6-t20-o20-s10005
[18/60] easy    cap  16000 sat 0.00 tokens  15240 uniform-n8-t20-o20-s10005
[19/60] easy    cap  16000 sat 0.00 tokens  15844 uniform-n4-t20-o80-s10005
[20/60] easy    cap  16000 sat 0.00 tokens  15844 uniform-n6-t20-o80-s10005
[21/60] medium  cap  16000 sat 1.00 tokens  15910 uniform-n4-t100-o20-s10005
[22/60] medium  cap  16000 sat 0.00 tokens  15844 uniform-n6-t100-o20-s10005
[23/60] medium  cap  16000 sat 0.00 tokens  15844 uniform-n8-t85-o20-s10005
[24/60] medium  cap  16000 sat 0.00 tokens  15844 uniform-n4-t100-o80-s10005
[25/60] medium  cap  16000 sat 0.00 tokens  15522 uniform-n6-t85-o20-s10005
[26/60] hard    cap  16000 sat 0.00 tokens  15844 uniform-n6-t100-o80-s10005
[27/60] hard    cap  16000 sat 0.00 tokens  15844 uniform-n8-t100-o20-s10005
[28/60] hard    cap  16000 sat 0.00 tokens  15844 uniform-n6-t100-o20-s10006
[29/60] hard    cap  16000 sat 0.00 tokens  15844 uniform-n8-t100-o80-s10005
[30/60] hard    cap  16000 sat 0.00 tokens  15844 uniform-n6-t100-o80-s10006
[31/60] easy    cap  32000 sat 0.00 tokens  20395 uniform-n4-t20-o20-s10005
[32/60] easy    cap  32000 sat 0.83 tokens  29243 uniform-n6-t20-o20-s10005
[33/60] easy    cap  32000 sat 0.00 tokens  31093 uniform-n8-t20-o20-s10005
[34/60] easy    cap  32000 sat 1.00 tokens  30943 uniform-n4-t20-o80-s10005
[35/60] easy    cap  32000 sat 0.83 tokens  31603 uniform-n6-t20-o80-s10005
[36/60] medium  cap  32000 sat 1.00 tokens  30524 uniform-n4-t100-o20-s10005
[37/60] medium  cap  32000 sat 1.00 tokens  31912 uniform-n6-t100-o20-s10005
[38/60] medium  cap  32000 sat 0.00 tokens  31844 uniform-n8-t85-o20-s10005
[39/60] medium  cap  32000 sat 0.00 tokens  31844 uniform-n4-t100-o80-s10005
[40/60] medium  cap  32000 sat 0.00 tokens  31844 uniform-n6-t85-o20-s10005
[41/60] hard    cap  32000 sat 0.00 tokens  31844 uniform-n6-t100-o80-s10005
[42/60] hard    cap  32000 sat 0.00 tokens  31844 uniform-n8-t100-o20-s10005
[43/60] hard    cap  32000 sat 0.00 tokens  31826 uniform-n6-t100-o20-s10006
[44/60] hard    cap  32000 sat 0.00 tokens  31844 uniform-n8-t100-o80-s10005
[45/60] hard    cap  32000 sat 0.00 tokens  31844 uniform-n6-t100-o80-s10006
[46/60] easy    cap  64000 sat 0.00 tokens  20395 uniform-n4-t20-o20-s10005
[47/60] easy    cap  64000 sat 0.83 tokens  29243 uniform-n6-t20-o20-s10005
[48/60] easy    cap  64000 sat 0.00 tokens  63844 uniform-n8-t20-o20-s10005
[49/60] easy    cap  64000 sat 1.00 tokens  36036 uniform-n4-t20-o80-s10005
[50/60] easy    cap  64000 sat 0.83 tokens  34427 uniform-n6-t20-o80-s10005
[51/60] medium  cap  64000 sat 1.00 tokens  47535 uniform-n4-t100-o20-s10005
[52/60] medium  cap  64000 sat 1.00 tokens  51969 uniform-n6-t100-o20-s10005
[53/60] medium  cap  64000 sat 0.00 tokens  63844 uniform-n8-t85-o20-s10005
[54/60] medium  cap  64000 sat 1.00 tokens  63064 uniform-n4-t100-o80-s10005
[55/60] medium  cap  64000 sat 1.00 tokens  50106 uniform-n6-t85-o20-s10005
[56/60] hard    cap  64000 sat 1.00 tokens  58467 uniform-n6-t100-o80-s10005
[transformers] PyTorch was not found. Models won't be available and only tokenizers, configuration and file/data utilities can be used.
========================================================================
PILOT SWEEP over the frozen subset -- composition is replayed, never chosen
========================================================================
subset  : results/manifests/subset__pilot__29d836cb5614.json  (29d836cb5614)
binning : e6a365481dd4   grid pilot
condition c2_verify_revise | caps [8000, 16000, 32000, 64000] | shard 1/2 | max_model_len 32768 | timeout 1800.0s
items: 60 of 120 in the canonical order
verified 15 distinct instances against the manifest: id, complexity metric, optimum and level all match
resume: 56 verified complete on disk, 4 to run
Warning: You are sending unauthenticated requests to the HF Hub. Please set a HF_TOKEN to enable higher rate limits and faster downloads.
[1/4] hard    cap  64000 sat 0.00 tokens  63007 uniform-n8-t100-o20-s10005
[2/4] hard    cap  64000 sat 0.00 tokens  50528 uniform-n6-t100-o20-s10006
[3/4] hard    cap  64000 sat 0.00 tokens  63391 uniform-n8-t100-o80-s10005
[4/4] hard    cap  64000 sat 0.00 tokens  53545 uniform-n6-t100-o80-s10006

========================================================================
cap   8000: {"n_runs": 15, "mean_satisfaction": 0.0, "satisfaction": [0.0, 0.0, 0.0, 0.0, 0.0, 0.0, 0.0, 0.0, 0.0, 0.0, 0.0, 0.0, 0.0, 0.0, 0.0], "mean_tokens": 7651.5, "proposal_attempts": 0, "proposal_parse_rate": null, "proposal_validity_rate": null, "proposal_acceptance_rate": null, "rejection_reasons": {}, "termination": {"aborted": 7, "budget": 8}, "finish_reason": {"stop": 110, "length": 7}}
cap  16000: {"n_runs": 15, "mean_satisfaction": 0.0667, "satisfaction": [0.0, 0.0, 0.0, 0.0, 0.0, 1.0, 0.0, 0.0, 0.0, 0.0, 0.0, 0.0, 0.0, 0.0, 0.0], "mean_tokens": 15786.7, "proposal_attempts": 3, "proposal_parse_rate": 1.0, "proposal_validity_rate": 0.3333, "proposal_acceptance_rate": 0.3333, "rejection_reasons": {"travel_infeasible": 2}, "termination": {"agent_finish": 1, "aborted": 11, "budget": 3}, "finish_reason": {"stop": 152, "length": 13}}
cap  32000: {"n_runs": 15, "mean_satisfaction": 0.3111, "satisfaction": [0.0, 0.8333333333333334, 0.0, 1.0, 0.8333333333333334, 1.0, 1.0, 0.0, 0.0, 0.0, 0.0, 0.0, 0.0, 0.0, 0.0], "mean_tokens": 30696.5, "proposal_attempts": 19, "proposal_parse_rate": 1.0, "proposal_validity_rate": 0.3684, "proposal_acceptance_rate": 0.2632, "rejection_reasons": {"travel_infeasible": 11, "window_violation": 3}, "termination": {"agent_finish": 2, "budget": 5, "aborted": 8}, "finish_reason": {"stop": 216, "length": 8}}
cap  64000: {"n_runs": 15, "mean_satisfaction": 0.5111, "satisfaction": [0.0, 0.8333333333333334, 0.0, 1.0, 0.8333333333333334, 1.0, 1.0, 0.0, 1.0, 1.0, 1.0, 0.0, 0.0, 0.0, 0.0], "mean_tokens": 49960.1, "proposal_attempts": 48, "proposal_parse_rate": 1.0, "proposal_validity_rate": 0.3958, "proposal_acceptance_rate": 0.1667, "rejection_reasons": {"travel_infeasible": 27, "window_violation": 16, "overlapping_meeting": 1}, "termination": {"agent_finish": 11, "aborted": 1, "budget": 3}, "finish_reason": {"stop": 286, "length": 2}}
[transformers] PyTorch was not found. Models won't be available and only tokenizers, configuration and file/data utilities can be used.
========================================================================
PILOT SWEEP over the frozen subset -- composition is replayed, never chosen
========================================================================
subset  : results/manifests/subset__pilot__29d836cb5614.json  (29d836cb5614)
binning : e6a365481dd4   grid pilot
condition c3_mas | caps [8000, 16000, 32000, 64000] | shard 1/2 | max_model_len 32768 | timeout 1800.0s
items: 60 of 120 in the canonical order
verified 15 distinct instances against the manifest: id, complexity metric, optimum and level all match
resume: 0 verified complete on disk, 60 to run
Warning: You are sending unauthenticated requests to the HF Hub. Please set a HF_TOKEN to enable higher rate limits and faster downloads.
[1/60] easy    cap   8000 sat 0.00 tokens   5688 uniform-n4-t20-o20-s10005
[2/60] easy    cap   8000 sat 0.00 tokens   5838 uniform-n6-t20-o20-s10005
[3/60] easy    cap   8000 sat 0.00 tokens   5908 uniform-n8-t20-o20-s10005
[4/60] easy    cap   8000 sat 0.00 tokens   5765 uniform-n4-t20-o80-s10005
[5/60] easy    cap   8000 sat 0.00 tokens   5436 uniform-n6-t20-o80-s10005
[6/60] medium  cap   8000 sat 0.00 tokens   5908 uniform-n4-t100-o20-s10005
[7/60] medium  cap   8000 sat 0.00 tokens   5626 uniform-n6-t100-o20-s10005
[8/60] medium  cap   8000 sat 0.00 tokens   5777 uniform-n8-t85-o20-s10005
[9/60] medium  cap   8000 sat 0.00 tokens   5908 uniform-n4-t100-o80-s10005
[10/60] medium  cap   8000 sat 0.00 tokens   5908 uniform-n6-t85-o20-s10005
[11/60] hard    cap   8000 sat 0.00 tokens   5781 uniform-n6-t100-o80-s10005
[12/60] hard    cap   8000 sat 0.00 tokens   5546 uniform-n8-t100-o20-s10005
[13/60] hard    cap   8000 sat 0.00 tokens   5611 uniform-n6-t100-o20-s10006
[14/60] hard    cap   8000 sat 0.00 tokens   5908 uniform-n8-t100-o80-s10005
[15/60] hard    cap   8000 sat 0.00 tokens   5810 uniform-n6-t100-o80-s10006
[16/60] easy    cap  16000 sat 0.00 tokens  11908 uniform-n4-t20-o20-s10005
[17/60] easy    cap  16000 sat 0.00 tokens  11825 uniform-n6-t20-o20-s10005
[18/60] easy    cap  16000 sat 0.00 tokens  11377 uniform-n8-t20-o20-s10005
[19/60] easy    cap  16000 sat 0.00 tokens  11212 uniform-n4-t20-o80-s10005
[20/60] easy    cap  16000 sat 0.00 tokens  11529 uniform-n6-t20-o80-s10005
[21/60] medium  cap  16000 sat 0.00 tokens  11524 uniform-n4-t100-o20-s10005
[22/60] medium  cap  16000 sat 0.00 tokens  11908 uniform-n6-t100-o20-s10005
[23/60] medium  cap  16000 sat 0.00 tokens  11908 uniform-n8-t85-o20-s10005
[24/60] medium  cap  16000 sat 0.00 tokens  11778 uniform-n4-t100-o80-s10005
[25/60] medium  cap  16000 sat 0.00 tokens  11908 uniform-n6-t85-o20-s10005
[26/60] hard    cap  16000 sat 0.00 tokens  11908 uniform-n6-t100-o80-s10005
[27/60] hard    cap  16000 sat 0.00 tokens  11885 uniform-n8-t100-o20-s10005
[28/60] hard    cap  16000 sat 0.00 tokens  11908 uniform-n6-t100-o20-s10006
[29/60] hard    cap  16000 sat 0.00 tokens  11908 uniform-n8-t100-o80-s10005
[30/60] hard    cap  16000 sat 0.00 tokens  11549 uniform-n6-t100-o80-s10006
[31/60] easy    cap  32000 sat 1.00 tokens  21264 uniform-n4-t20-o20-s10005
[32/60] easy    cap  32000 sat 0.50 tokens  26315 uniform-n6-t20-o20-s10005
[33/60] easy    cap  32000 sat 0.00 tokens  23908 uniform-n8-t20-o20-s10005
[34/60] easy    cap  32000 sat 1.00 tokens  25247 uniform-n4-t20-o80-s10005
[35/60] easy    cap  32000 sat 0.00 tokens  23700 uniform-n6-t20-o80-s10005
[36/60] medium  cap  32000 sat 1.00 tokens  27158 uniform-n4-t100-o20-s10005
[37/60] medium  cap  32000 sat 1.00 tokens  25549 uniform-n6-t100-o20-s10005
[38/60] medium  cap  32000 sat 0.75 tokens  25895 uniform-n8-t85-o20-s10005
[39/60] medium  cap  32000 sat 1.00 tokens  24756 uniform-n4-t100-o80-s10005
[40/60] medium  cap  32000 sat 0.75 tokens  21572 uniform-n6-t85-o20-s10005
[41/60] hard    cap  32000 sat 0.00 tokens  23908 uniform-n6-t100-o80-s10005
[42/60] hard    cap  32000 sat 0.00 tokens  23908 uniform-n8-t100-o20-s10005
[43/60] hard    cap  32000 sat 0.67 tokens  20616 uniform-n6-t100-o20-s10006
[44/60] hard    cap  32000 sat 0.00 tokens  23908 uniform-n8-t100-o80-s10005
[45/60] hard    cap  32000 sat 0.50 tokens  24243 uniform-n6-t100-o80-s10006
[46/60] easy    cap  64000 sat 0.50 tokens  17691 uniform-n4-t20-o20-s10005
[47/60] easy    cap  64000 sat 1.00 tokens  38932 uniform-n6-t20-o20-s10005
[48/60] easy    cap  64000 sat 0.43 tokens  42535 uniform-n8-t20-o20-s10005
[49/60] easy    cap  64000 sat 1.00 tokens  26372 uniform-n4-t20-o80-s10005
[50/60] easy    cap  64000 sat 1.00 tokens  39078 uniform-n6-t20-o80-s10005
[51/60] medium  cap  64000 sat 1.00 tokens  23022 uniform-n4-t100-o20-s10005
[52/60] medium  cap  64000 sat 1.00 tokens  36074 uniform-n6-t100-o20-s10005
[53/60] medium  cap  64000 sat 0.75 tokens  27563 uniform-n8-t85-o20-s10005
[54/60] medium  cap  64000 sat 1.00 tokens  29001 uniform-n4-t100-o80-s10005
[55/60] medium  cap  64000 sat 0.75 tokens  23934 uniform-n6-t85-o20-s10005
[56/60] hard    cap  64000 sat 0.00 tokens  47908 uniform-n6-t100-o80-s10005
[57/60] hard    cap  64000 sat 0.50 tokens  46337 uniform-n8-t100-o20-s10005
[58/60] hard    cap  64000 sat 0.67 tokens  32574 uniform-n6-t100-o20-s10006
[59/60] hard    cap  64000 sat 0.50 tokens  44184 uniform-n8-t100-o80-s10005
[60/60] hard    cap  64000 sat 0.50 tokens  37428 uniform-n6-t100-o80-s10006

========================================================================
cap   8000: {"n_runs": 15, "mean_satisfaction": 0.0, "satisfaction": [0.0, 0.0, 0.0, 0.0, 0.0, 0.0, 0.0, 0.0, 0.0, 0.0, 0.0, 0.0, 0.0, 0.0, 0.0], "mean_tokens": 5761.2, "proposal_attempts": 0, "proposal_parse_rate": null, "proposal_validity_rate": null, "proposal_acceptance_rate": null, "rejection_reasons": {}, "termination": {"agent_finish": 10, "aborted": 5}, "finish_reason": {"stop": 88, "length": 16}}
cap  16000: {"n_runs": 15, "mean_satisfaction": 0.0, "satisfaction": [0.0, 0.0, 0.0, 0.0, 0.0, 0.0, 0.0, 0.0, 0.0, 0.0, 0.0, 0.0, 0.0, 0.0, 0.0], "mean_tokens": 11735.7, "proposal_attempts": 0, "proposal_parse_rate": null, "proposal_validity_rate": null, "proposal_acceptance_rate": null, "rejection_reasons": {}, "termination": {"aborted": 7, "agent_finish": 8}, "finish_reason": {"stop": 164, "length": 20}}
cap  32000: {"n_runs": 15, "mean_satisfaction": 0.5444, "satisfaction": [1.0, 0.5, 0.0, 1.0, 0.0, 1.0, 1.0, 0.75, 1.0, 0.75, 0.0, 0.0, 0.6666666666666666, 0.0, 0.5], "mean_tokens": 24129.8, "proposal_attempts": 24, "proposal_parse_rate": 1.0, "proposal_validity_rate": 0.9583, "proposal_acceptance_rate": 0.6667, "rejection_reasons": {"travel_infeasible": 1}, "termination": {"agent_finish": 6, "aborted": 9}, "finish_reason": {"stop": 250, "length": 20}}
cap  64000: {"n_runs": 15, "mean_satisfaction": 0.7063, "satisfaction": [0.5, 1.0, 0.42857142857142855, 1.0, 1.0, 1.0, 1.0, 0.75, 1.0, 0.75, 0.0, 0.5, 0.6666666666666666, 0.5, 0.5], "mean_tokens": 34175.5, "proposal_attempts": 41, "proposal_parse_rate": 1.0, "proposal_validity_rate": 0.8293, "proposal_acceptance_rate": 0.5854, "rejection_reasons": {"travel_infeasible": 6, "window_violation": 3}, "termination": {"agent_finish": 14, "aborted": 1}, "finish_reason": {"stop": 298, "length": 6}}
